Info: Starting: Create block symbol file (.bsf)
Info: qsys-generate /home/user/intelFPGA_lite/test/accelerometer.qsys --block-symbol-file --output-directory=/home/user/intelFPGA_lite/test/accelerometer --family="MAX 10" --part=10M50DAF484C7G
Progress: Loading test/accelerometer.qsys
Progress: Reading input file
Progress: Adding accelerometer_spi_0 [altera_up_avalon_accelerometer_spi 18.0]
Progress: Parameterizing module accelerometer_spi_0
Progress: Building connections
Progress: Parameterizing connections
Progress: Validating
Progress: Done reading input file
Info: qsys-generate succeeded.
Info: Finished: Create block symbol file (.bsf)
Info: 
Info: Starting: Create HDL design files for synthesis
Info: qsys-generate /home/user/intelFPGA_lite/test/accelerometer.qsys --synthesis=VERILOG --output-directory=/home/user/intelFPGA_lite/test/accelerometer/synthesis --family="MAX 10" --part=10M50DAF484C7G
Progress: Loading test/accelerometer.qsys
Progress: Reading input file
Progress: Adding accelerometer_spi_0 [altera_up_avalon_accelerometer_spi 18.0]
Progress: Parameterizing module accelerometer_spi_0
Progress: Building connections
Progress: Parameterizing connections
Progress: Validating
Progress: Done reading input file
Info: accelerometer: Generating accelerometer "accelerometer" for QUARTUS_SYNTH
Info: accelerometer_spi_0: Starting Generation of the Accelerometer Controller in SPI mode
Info: accelerometer_spi_0: "accelerometer" instantiated altera_up_avalon_accelerometer_spi "accelerometer_spi_0"
Info: accelerometer: Done "accelerometer" with 2 modules, 6 files
Info: qsys-generate succeeded.
Info: Finished: Create HDL design files for synthesis
